-- Automatically generated by SQLQueryTestSuite
-- Number of queries: 110


-- !query
CREATE TEMPORARY VIEW t AS select '2011-05-06 07:08:09.1234567' as c
-- !query schema
struct<>
-- !query output



-- !query
select date_part('millennium', c) from t
-- !query schema
struct<date_part('millennium', t.`c`):int>
-- !query output
3


-- !query
select date_part('millennia', c) from t
-- !query schema
struct<date_part('millennia', t.`c`):int>
-- !query output
3


-- !query
select date_part('mil', c) from t
-- !query schema
struct<date_part('mil', t.`c`):int>
-- !query output
3


-- !query
select date_part('mils', c) from t
-- !query schema
struct<date_part('mils', t.`c`):int>
-- !query output
3


-- !query
select date_part('century', c) from t
-- !query schema
struct<date_part('century', t.`c`):int>
-- !query output
21


-- !query
select date_part('centuries', c) from t
-- !query schema
struct<date_part('centuries', t.`c`):int>
-- !query output
21


-- !query
select date_part('c', c) from t
-- !query schema
struct<date_part('c', t.`c`):int>
-- !query output
21


-- !query
select date_part('cent', c) from t
-- !query schema
struct<date_part('cent', t.`c`):int>
-- !query output
21


-- !query
select date_part('decade', c) from t
-- !query schema
struct<date_part('decade', t.`c`):int>
-- !query output
201


-- !query
select date_part('decades', c) from t
-- !query schema
struct<date_part('decades', t.`c`):int>
-- !query output
201


-- !query
select date_part('dec', c) from t
-- !query schema
struct<date_part('dec', t.`c`):int>
-- !query output
201


-- !query
select date_part('decs', c) from t
-- !query schema
struct<date_part('decs', t.`c`):int>
-- !query output
201


-- !query
select date_part('year', c) from t
-- !query schema
struct<date_part('year', t.`c`):int>
-- !query output
2011


-- !query
select date_part('y', c) from t
-- !query schema
struct<date_part('y', t.`c`):int>
-- !query output
2011


-- !query
select date_part('years', c) from t
-- !query schema
struct<date_part('years', t.`c`):int>
-- !query output
2011


-- !query
select date_part('yr', c) from t
-- !query schema
struct<date_part('yr', t.`c`):int>
-- !query output
2011


-- !query
select date_part('yrs', c) from t
-- !query schema
struct<date_part('yrs', t.`c`):int>
-- !query output
2011


-- !query
select date_part('quarter', c) from t
-- !query schema
struct<date_part('quarter', t.`c`):int>
-- !query output
2


-- !query
select date_part('qtr', c) from t
-- !query schema
struct<date_part('qtr', t.`c`):int>
-- !query output
2


-- !query
select date_part('month', c) from t
-- !query schema
struct<date_part('month', t.`c`):int>
-- !query output
5


-- !query
select date_part('mon', c) from t
-- !query schema
struct<date_part('mon', t.`c`):int>
-- !query output
5


-- !query
select date_part('mons', c) from t
-- !query schema
struct<date_part('mons', t.`c`):int>
-- !query output
5


-- !query
select date_part('months', c) from t
-- !query schema
struct<date_part('months', t.`c`):int>
-- !query output
5


-- !query
select date_part('week', c) from t
-- !query schema
struct<date_part('week', t.`c`):int>
-- !query output
18


-- !query
select date_part('w', c) from t
-- !query schema
struct<date_part('w', t.`c`):int>
-- !query output
18


-- !query
select date_part('weeks', c) from t
-- !query schema
struct<date_part('weeks', t.`c`):int>
-- !query output
18


-- !query
select date_part('day', c) from t
-- !query schema
struct<date_part('day', t.`c`):int>
-- !query output
6


-- !query
select date_part('d', c) from t
-- !query schema
struct<date_part('d', t.`c`):int>
-- !query output
6


-- !query
select date_part('days', c) from t
-- !query schema
struct<date_part('days', t.`c`):int>
-- !query output
6


-- !query
select date_part('dayofweek', c) from t
-- !query schema
struct<date_part('dayofweek', t.`c`):int>
-- !query output
6


-- !query
select date_part('dow', c) from t
-- !query schema
struct<date_part('dow', t.`c`):int>
-- !query output
5


-- !query
select date_part('isodow', c) from t
-- !query schema
struct<date_part('isodow', t.`c`):int>
-- !query output
5


-- !query
select date_part('doy', c) from t
-- !query schema
struct<date_part('doy', t.`c`):int>
-- !query output
126


-- !query
select date_part('hour', c) from t
-- !query schema
struct<date_part('hour', t.`c`):int>
-- !query output
7


-- !query
select date_part('h', c) from t
-- !query schema
struct<date_part('h', t.`c`):int>
-- !query output
7


-- !query
select date_part('hours', c) from t
-- !query schema
struct<date_part('hours', t.`c`):int>
-- !query output
7


-- !query
select date_part('hr', c) from t
-- !query schema
struct<date_part('hr', t.`c`):int>
-- !query output
7


-- !query
select date_part('hrs', c) from t
-- !query schema
struct<date_part('hrs', t.`c`):int>
-- !query output
7


-- !query
select date_part('minute', c) from t
-- !query schema
struct<date_part('minute', t.`c`):int>
-- !query output
8


-- !query
select date_part('m', c) from t
-- !query schema
struct<date_part('m', t.`c`):int>
-- !query output
8


-- !query
select date_part('min', c) from t
-- !query schema
struct<date_part('min', t.`c`):int>
-- !query output
8


-- !query
select date_part('mins', c) from t
-- !query schema
struct<date_part('mins', t.`c`):int>
-- !query output
8


-- !query
select date_part('minutes', c) from t
-- !query schema
struct<date_part('minutes', t.`c`):int>
-- !query output
8


-- !query
select date_part('second', c) from t
-- !query schema
struct<date_part('second', t.`c`):decimal(8,6)>
-- !query output
9.123456


-- !query
select date_part('s', c) from t
-- !query schema
struct<date_part('s', t.`c`):decimal(8,6)>
-- !query output
9.123456


-- !query
select date_part('sec', c) from t
-- !query schema
struct<date_part('sec', t.`c`):decimal(8,6)>
-- !query output
9.123456


-- !query
select date_part('seconds', c) from t
-- !query schema
struct<date_part('seconds', t.`c`):decimal(8,6)>
-- !query output
9.123456


-- !query
select date_part('secs', c) from t
-- !query schema
struct<date_part('secs', t.`c`):decimal(8,6)>
-- !query output
9.123456


-- !query
select date_part('not_supported', c) from t
-- !query schema
struct<>
-- !query output
org.apache.spark.sql.AnalysisException
Literals of type 'not_supported' are currently not supported for the string type.;; line 1 pos 7


-- !query
select date_part(c, c) from t
-- !query schema
struct<>
-- !query output
org.apache.spark.sql.AnalysisException
The field parameter needs to be a foldable string value.;; line 1 pos 7


-- !query
select date_part(null, c) from t
-- !query schema
struct<date_part(NULL, t.`c`):double>
-- !query output
NULL


-- !query
CREATE TEMPORARY VIEW t2 AS select interval 1010 year 9 month 8 day 7 hour 6 minute 5 second 4 millisecond 3 microsecond as c
-- !query schema
struct<>
-- !query output



-- !query
select date_part('millennium', c) from t2
-- !query schema
struct<date_part('millennium', t2.`c`):int>
-- !query output
1


-- !query
select date_part('millennia', c) from t2
-- !query schema
struct<date_part('millennia', t2.`c`):int>
-- !query output
1


-- !query
select date_part('mil', c) from t2
-- !query schema
struct<date_part('mil', t2.`c`):int>
-- !query output
1


-- !query
select date_part('mils', c) from t2
-- !query schema
struct<date_part('mils', t2.`c`):int>
-- !query output
1


-- !query
select date_part('century', c) from t2
-- !query schema
struct<date_part('century', t2.`c`):int>
-- !query output
10


-- !query
select date_part('centuries', c) from t2
-- !query schema
struct<date_part('centuries', t2.`c`):int>
-- !query output
10


-- !query
select date_part('c', c) from t2
-- !query schema
struct<date_part('c', t2.`c`):int>
-- !query output
10


-- !query
select date_part('cent', c) from t2
-- !query schema
struct<date_part('cent', t2.`c`):int>
-- !query output
10


-- !query
select date_part('decade', c) from t2
-- !query schema
struct<date_part('decade', t2.`c`):int>
-- !query output
101


-- !query
select date_part('decades', c) from t2
-- !query schema
struct<date_part('decades', t2.`c`):int>
-- !query output
101


-- !query
select date_part('dec', c) from t2
-- !query schema
struct<date_part('dec', t2.`c`):int>
-- !query output
101


-- !query
select date_part('decs', c) from t2
-- !query schema
struct<date_part('decs', t2.`c`):int>
-- !query output
101


-- !query
select date_part('year', c) from t2
-- !query schema
struct<date_part('year', t2.`c`):int>
-- !query output
1010


-- !query
select date_part('y', c) from t2
-- !query schema
struct<date_part('y', t2.`c`):int>
-- !query output
1010


-- !query
select date_part('years', c) from t2
-- !query schema
struct<date_part('years', t2.`c`):int>
-- !query output
1010


-- !query
select date_part('yr', c) from t2
-- !query schema
struct<date_part('yr', t2.`c`):int>
-- !query output
1010


-- !query
select date_part('yrs', c) from t2
-- !query schema
struct<date_part('yrs', t2.`c`):int>
-- !query output
1010


-- !query
select date_part('quarter', c) from t2
-- !query schema
struct<date_part('quarter', t2.`c`):tinyint>
-- !query output
4


-- !query
select date_part('qtr', c) from t2
-- !query schema
struct<date_part('qtr', t2.`c`):tinyint>
-- !query output
4


-- !query
select date_part('month', c) from t2
-- !query schema
struct<date_part('month', t2.`c`):tinyint>
-- !query output
9


-- !query
select date_part('mon', c) from t2
-- !query schema
struct<date_part('mon', t2.`c`):tinyint>
-- !query output
9


-- !query
select date_part('mons', c) from t2
-- !query schema
struct<date_part('mons', t2.`c`):tinyint>
-- !query output
9


-- !query
select date_part('months', c) from t2
-- !query schema
struct<date_part('months', t2.`c`):tinyint>
-- !query output
9


-- !query
select date_part('day', c) from t2
-- !query schema
struct<date_part('day', t2.`c`):int>
-- !query output
8


-- !query
select date_part('d', c) from t2
-- !query schema
struct<date_part('d', t2.`c`):int>
-- !query output
8


-- !query
select date_part('days', c) from t2
-- !query schema
struct<date_part('days', t2.`c`):int>
-- !query output
8


-- !query
select date_part('hour', c) from t2
-- !query schema
struct<date_part('hour', t2.`c`):bigint>
-- !query output
7


-- !query
select date_part('h', c) from t2
-- !query schema
struct<date_part('h', t2.`c`):bigint>
-- !query output
7


-- !query
select date_part('hours', c) from t2
-- !query schema
struct<date_part('hours', t2.`c`):bigint>
-- !query output
7


-- !query
select date_part('hr', c) from t2
-- !query schema
struct<date_part('hr', t2.`c`):bigint>
-- !query output
7


-- !query
select date_part('hrs', c) from t2
-- !query schema
struct<date_part('hrs', t2.`c`):bigint>
-- !query output
7


-- !query
select date_part('minute', c) from t2
-- !query schema
struct<date_part('minute', t2.`c`):tinyint>
-- !query output
6


-- !query
select date_part('m', c) from t2
-- !query schema
struct<date_part('m', t2.`c`):tinyint>
-- !query output
6


-- !query
select date_part('min', c) from t2
-- !query schema
struct<date_part('min', t2.`c`):tinyint>
-- !query output
6


-- !query
select date_part('mins', c) from t2
-- !query schema
struct<date_part('mins', t2.`c`):tinyint>
-- !query output
6


-- !query
select date_part('minutes', c) from t2
-- !query schema
struct<date_part('minutes', t2.`c`):tinyint>
-- !query output
6


-- !query
select date_part('second', c) from t2
-- !query schema
struct<date_part('second', t2.`c`):decimal(8,6)>
-- !query output
5.004003


-- !query
select date_part('s', c) from t2
-- !query schema
struct<date_part('s', t2.`c`):decimal(8,6)>
-- !query output
5.004003


-- !query
select date_part('sec', c) from t2
-- !query schema
struct<date_part('sec', t2.`c`):decimal(8,6)>
-- !query output
5.004003


-- !query
select date_part('seconds', c) from t2
-- !query schema
struct<date_part('seconds', t2.`c`):decimal(8,6)>
-- !query output
5.004003


-- !query
select date_part('secs', c) from t2
-- !query schema
struct<date_part('secs', t2.`c`):decimal(8,6)>
-- !query output
5.004003


-- !query
select date_part('milliseconds', c) from t2
-- !query schema
struct<date_part('milliseconds', t2.`c`):decimal(8,3)>
-- !query output
5004.003


-- !query
select date_part('msec', c) from t2
-- !query schema
struct<date_part('msec', t2.`c`):decimal(8,3)>
-- !query output
5004.003


-- !query
select date_part('msecs', c) from t2
-- !query schema
struct<date_part('msecs', t2.`c`):decimal(8,3)>
-- !query output
5004.003


-- !query
select date_part('millisecon', c) from t2
-- !query schema
struct<date_part('millisecon', t2.`c`):decimal(8,3)>
-- !query output
5004.003


-- !query
select date_part('mseconds', c) from t2
-- !query schema
struct<date_part('mseconds', t2.`c`):decimal(8,3)>
-- !query output
5004.003


-- !query
select date_part('ms', c) from t2
-- !query schema
struct<date_part('ms', t2.`c`):decimal(8,3)>
-- !query output
5004.003


-- !query
select date_part('microseconds', c) from t2
-- !query schema
struct<date_part('microseconds', t2.`c`):bigint>
-- !query output
5004003


-- !query
select date_part('usec', c) from t2
-- !query schema
struct<date_part('usec', t2.`c`):bigint>
-- !query output
5004003


-- !query
select date_part('usecs', c) from t2
-- !query schema
struct<date_part('usecs', t2.`c`):bigint>
-- !query output
5004003


-- !query
select date_part('useconds', c) from t2
-- !query schema
struct<date_part('useconds', t2.`c`):bigint>
-- !query output
5004003


-- !query
select date_part('microsecon', c) from t2
-- !query schema
struct<date_part('microsecon', t2.`c`):bigint>
-- !query output
5004003


-- !query
select date_part('us', c) from t2
-- !query schema
struct<date_part('us', t2.`c`):bigint>
-- !query output
5004003


-- !query
select date_part('epoch', c) from t2
-- !query schema
struct<date_part('epoch', t2.`c`):decimal(18,6)>
-- !query output
31897220765.004003


-- !query
select date_part('not_supported', c) from t2
-- !query schema
struct<>
-- !query output
org.apache.spark.sql.AnalysisException
Literals of type 'not_supported' are currently not supported for the interval type.;; line 1 pos 7


-- !query
select date_part(c, c) from t2
-- !query schema
struct<>
-- !query output
org.apache.spark.sql.AnalysisException
The field parameter needs to be a foldable string value.;; line 1 pos 7


-- !query
select date_part(null, c) from t2
-- !query schema
struct<date_part(NULL, t2.`c`):double>
-- !query output
NULL
