-- Automatically generated by SQLQueryTestSuite
-- Number of queries: 5


-- !query
create temporary view hav as select * from values
  ("one", 1),
  ("two", 2),
  ("three", 3),
  ("one", 5)
  as hav(k, v)
-- !query schema
struct<>
-- !query output



-- !query
SELECT k, sum(v) FROM hav GROUP BY k HAVING sum(v) > 2
-- !query schema
struct<k:string,sum(v):bigint>
-- !query output
one	6
three	3


-- !query
SELECT count(k) FROM hav GROUP BY v + 1 HAVING v + 1 = 2
-- !query schema
struct<count(k):bigint>
-- !query output
1


-- !query
SELECT MIN(t.v) FROM (SELECT * FROM hav WHERE v > 0) t HAVING(COUNT(1) > 0)
-- !query schema
struct<min(v):int>
-- !query output
1


-- !query
SELECT a + b FROM VALUES (1L, 2), (3L, 4) AS T(a, b) GROUP BY a + b HAVING a + b > 1
-- !query schema
struct<(a + CAST(b AS BIGINT)):bigint>
-- !query output
3
7
